
Memory Configuration

Name             Origin             Length             Attributes
SRAM             0x402f0400         0x0000fc00
L3OCMC0          0x40300000         0x00010000
M3SHUMEM         0x44d00000         0x00004000
M3SHDMEM         0x44d80000         0x00002000
DDR0             0x80000000         0x40000000
*default*        0x00000000         0xffffffff

Linker script and memory map

                0x00018000                STACKSIZE = 0x18000
                0x00000400                HEAPSIZE = 0x400
LOAD ./project1_P1_delay.o
LOAD ./project2_P1_main.o
LOAD ./project2_P1_toggleLED.o
LOAD ./startup_ARMCA8.o

.rsthand        0x80000000       0x70
                0x80000000                . = ALIGN (0x10000)
 *(.isr_vector)
 .isr_vector    0x80000000       0x50 ./startup_ARMCA8.o
                0x80000000                __isr_vector
                0x8000004e                DEF_IRQHandler
 *startup_ARMCA8.o(.text)
 .text          0x80000050       0x20 ./startup_ARMCA8.o
                0x80000050                Entry
                0x80000070                . = ALIGN (0x4)

.text           0x80000070       0xec
 *(.text*)
 .text          0x80000070       0x14 ./project1_P1_delay.o
                0x80000070                _delaySecond
 .text          0x80000084       0xb4 ./project2_P1_main.o
                0x80000084                _start
 .text          0x80000138       0x24 ./project2_P1_toggleLED.o
                0x80000138                _GPIO1_toggleLED
 *(.init)
 *(.fini)
 *crtbegin.o(.ctors)
 *crtbegin?.o(.ctors)
 *(EXCLUDE_FILE(*crtend.o *crtend?.o) .ctors)
 *(SORT(.ctors.*))
 *(.ctors)
 *crtbegin.o(.dtors)
 *crtbegin?.o(.dtors)
 *(EXCLUDE_FILE(*crtend.o *crtend?.o) .dtors)
 *(SORT(.dtors.*))
 *(.dtors)
 *(.rodata*)
 *(.eh_frame*)

.glue_7         0x8000015c        0x0
 .glue_7        0x00000000        0x0 linker stubs

.glue_7t        0x8000015c        0x0
 .glue_7t       0x00000000        0x0 linker stubs

.vfp11_veneer   0x8000015c        0x0
 .vfp11_veneer  0x00000000        0x0 linker stubs

.v4_bx          0x8000015c        0x0
 .v4_bx         0x00000000        0x0 linker stubs

.iplt           0x8000015c        0x0
 .iplt          0x00000000        0x0 ./project1_P1_delay.o

.rel.dyn        0x8000015c        0x0
 .rel.iplt      0x00000000        0x0 ./project1_P1_delay.o

.ARM.extab
 *(.ARM.extab* .gnu.linkonce.armextab.*)
                0x8000015c                __exidx_start = .

.ARM.exidx
 *(.ARM.exidx* .gnu.linkonce.armexidx.*)
                0x8000015c                __exidx_end = .

.data           0x8000015c      0x100
                0x8000015c                . = ALIGN (0x4)
                0x8000015c                __data_start__ = .
 *(vtable)
 *(.data*)
 .data          0x8000015c        0x0 ./project1_P1_delay.o
 .data          0x8000015c      0x100 ./project2_P1_main.o
 .data          0x8000025c        0x0 ./project2_P1_toggleLED.o
 .data          0x8000025c        0x0 ./startup_ARMCA8.o
                0x8000025c                . = ALIGN (0x4)
                0x8000025c                PROVIDE (__preinit_array_start, .)
 *(.preinit_array)
                0x8000025c                PROVIDE (__preinit_array_end, .)
                0x8000025c                . = ALIGN (0x4)
                0x8000025c                PROVIDE (__init_array_start, .)
 *(SORT(.init_array.*))
 *(.init_array)
                0x8000025c                PROVIDE (__init_array_end, .)
                0x8000025c                . = ALIGN (0x4)
                0x8000025c                PROVIDE (__fini_array_start, .)
 *(SORT(.fini_array.*))
 *(.fini_array)
                0x8000025c                PROVIDE (__fini_array_end, .)
                0x8000025c                . = ALIGN (0x4)
                0x8000025c                __data_end__ = .

.igot.plt       0x8000025c        0x0
 .igot.plt      0x00000000        0x0 ./project1_P1_delay.o

.bss            0x8000025c        0x0
                0x8000025c                . = ALIGN (0x4)
                0x8000025c                __bss_start__ = .
 *(.bss*)
 .bss           0x8000025c        0x0 ./project1_P1_delay.o
 .bss           0x8000025c        0x0 ./project2_P1_main.o
 .bss           0x8000025c        0x0 ./project2_P1_toggleLED.o
 .bss           0x8000025c        0x0 ./startup_ARMCA8.o
 *(COMMON)
                0x8000025c                __bss_end__ = .

.heap           0x80000260      0x400
 FILL mask 0xdeadbeef
                0x80000260                . = ALIGN (0x4)
                0x80000260                __end__ = .
                0x80000260                end = __end__
                0x80000260                __HeapBase = __end__
 *(.heap*)
 .heap          0x80000260        0x0 ./startup_ARMCA8.o
                0x80000660                . = (. + HEAPSIZE)
 *fill*         0x80000260      0x400 deadbeef
                0x80000660                __HeapLimit = .

.stack          0x80000660    0x18000
 FILL mask 0xbad0bad0
                0x80000660                . = ALIGN (0x4)
                0x80000660                __StackLimit = .
 *(.stack*)
 .stack         0x80000660        0x0 ./startup_ARMCA8.o
                0x80018660                . = (. + STACKSIZE)
 *fill*         0x80000660    0x18000 bad0bad0
                0x80018660                __StackTop = .
                0x80018660                __StackBase = .
                0x80018660                PROVIDE (__stack, __StackTop)
START GROUP
LOAD c:/ti/ccsv6/tools/compiler/gcc-arm-none-eabi-4_7-2013q3/bin/../lib/gcc/arm-none-eabi/4.7.4/../../../../arm-none-eabi/lib\libc.a
LOAD c:/ti/ccsv6/tools/compiler/gcc-arm-none-eabi-4_7-2013q3/bin/../lib/gcc/arm-none-eabi/4.7.4\libgcc.a
LOAD c:/ti/ccsv6/tools/compiler/gcc-arm-none-eabi-4_7-2013q3/bin/../lib/gcc/arm-none-eabi/4.7.4/../../../../arm-none-eabi/lib\libnosys.a
END GROUP
START GROUP
LOAD c:/ti/ccsv6/tools/compiler/gcc-arm-none-eabi-4_7-2013q3/bin/../lib/gcc/arm-none-eabi/4.7.4\libgcc.a
LOAD c:/ti/ccsv6/tools/compiler/gcc-arm-none-eabi-4_7-2013q3/bin/../lib/gcc/arm-none-eabi/4.7.4/../../../../arm-none-eabi/lib\libg.a
LOAD c:/ti/ccsv6/tools/compiler/gcc-arm-none-eabi-4_7-2013q3/bin/../lib/gcc/arm-none-eabi/4.7.4/../../../../arm-none-eabi/lib\libc.a
END GROUP
OUTPUT(project2_P1_LED.out elf32-littlearm)

.ARM.attributes
                0x00000000       0x1f
 .ARM.attributes
                0x00000000       0x1f ./project1_P1_delay.o
 .ARM.attributes
                0x0000001f       0x1f ./project2_P1_main.o
 .ARM.attributes
                0x0000003e       0x1f ./project2_P1_toggleLED.o
 .ARM.attributes
                0x0000005d       0x1f ./startup_ARMCA8.o

.debug_line     0x00000000      0x181
 .debug_line    0x00000000       0x4a ./project1_P1_delay.o
 .debug_line    0x0000004a       0x74 ./project2_P1_main.o
 .debug_line    0x000000be       0x52 ./project2_P1_toggleLED.o
 .debug_line    0x00000110       0x71 ./startup_ARMCA8.o

.debug_info     0x00000000      0x178
 .debug_info    0x00000000       0x5f ./project1_P1_delay.o
 .debug_info    0x0000005f       0x5e ./project2_P1_main.o
 .debug_info    0x000000bd       0x63 ./project2_P1_toggleLED.o
 .debug_info    0x00000120       0x58 ./startup_ARMCA8.o

.debug_abbrev   0x00000000       0x4e
 .debug_abbrev  0x00000000       0x14 ./project1_P1_delay.o
 .debug_abbrev  0x00000014       0x14 ./project2_P1_main.o
 .debug_abbrev  0x00000028       0x14 ./project2_P1_toggleLED.o
 .debug_abbrev  0x0000003c       0x12 ./startup_ARMCA8.o

.debug_aranges  0x00000000       0x88
 .debug_aranges
                0x00000000       0x20 ./project1_P1_delay.o
 .debug_aranges
                0x00000020       0x20 ./project2_P1_main.o
 .debug_aranges
                0x00000040       0x20 ./project2_P1_toggleLED.o
 .debug_aranges
                0x00000060       0x28 ./startup_ARMCA8.o

.debug_ranges   0x00000000       0x20
 .debug_ranges  0x00000000       0x20 ./startup_ARMCA8.o
